<?php

//=========================================<editor-fold desc="Assets Workbench">
// ASSETS WORKBENCH
//=========================================
// Make your assets here. Run factory methods or build
// esoteric assets up from scratch.
//=========================================

$common		= new set_common();

$stone = new set_masonry('#972');
$cliff = new set_edges('#972');
$trees = new set_trees('#0a0', '#840');
$wood = new set_wood('#960');
$grass = new set_grass('#071');
$water = new set_water();
$flowers = new set_flowers();
$wp = new set_waypoint();



$t_cairn_o = $stone->t_cairn();
$t_cairn_o->overPlayer = true;
$t_cairn_o->TPL = TPL_OPENGROUND;

$t_cairn_w_o = $stone->t_cairn_w();
$t_cairn_w_o->overPlayer = true;
$t_cairn_w_o->TPL = TPL_OPENGROUND;

$t_cairn_s_o = $stone->t_cairn_s();
$t_cairn_s_o->overPlayer = true;
$t_cairn_s_o->TPL = TPL_OPENGROUND;

$t_pavers = $stone->t_pavers();
$t_pavers->fg = '#071';
$t_pavers->bg = '#a97';

$t_stairs = $stone->t_stairs();
$t_stairs->bg = '#a97';
$t_stairs->fg = tint('#a97', -4);

//=========================================<editor-fold desc="Tile Key">
// TILE KEY
//=========================================
// Add tiles by variable name to the tile array.
// First tile in the array will be the "empty space" tile.
//=========================================

$this->tileKey = [
	$trees->t_forest(),
	$grass->t_grass(),
	$grass->t_grass('#271'),
	$grass->t_grass('#471'),
	$grass->t_grass('#671'),
	$water->t_water(),
	$water->t_water(-1),
	$stone->t_cliff(),
	$stone->t_cliff(-1),
	$stone->t_cliff_top(),
	$water->t_waterFall(),
	$t_pavers,
	$t_stairs,
	$wood->t_planks(),
	$stone->t_cairn(),
	$stone->t_cairn_s(),
	$stone->t_cairn_w(),
	$t_cairn_o,
	$t_cairn_s_o,
	$t_cairn_w_o,
	$wp->t_wp_tl(),
	$wp->t_wp_t(),
	$wp->t_wp_tr(),
	$wp->t_wp_bl(),
	$wp->t_wp_l(),
	$wp->t_wp_br(),
	$wp->t_wp_mid(),
	$wp->t_cp(),
];

//</editor-fold>

//=========================================<editor-fold desc="Scenery Key">
// SCENERY KEY
//=========================================
// Add scenery objects into this array to make them available as scenery.
// Don't forget to import the sprites above.
//=========================================

$this->sceneryKey = [
	$trees->scn_stump(),
	$trees->scn_trunk(),
	$trees->scn_tree_tl(),
	$trees->scn_tree_tm(),
	$trees->scn_tree_tr(),
	$trees->scn_tree_bl(),
	$trees->scn_tree_bm(),
	$trees->scn_tree_br(),
	$stone->scn_rock(),
	$stone->scn_bigRock_tl(),
	$stone->scn_bigRock_tr(),
	$stone->scn_bigRock_bl(),
	$stone->scn_bigRock_br(),
	$cliff->scn_n(),
	$cliff->scn_s(),
	$cliff->scn_e(),
	$cliff->scn_w(),
	$cliff->scn_ne(),
	$cliff->scn_nw(),
	$cliff->scn_sw(),
	$cliff->scn_se(),
	$trees->scn_bush_n(),
	$trees->scn_bush_s(),
	$trees->scn_bush_e(),
	$trees->scn_bush_w(),
	$trees->scn_bush_ns(),
	$trees->scn_bush_ew(),
	$trees->scn_bush_ew_stem(),
	$trees->scn_bush_ew_trunk(),
	$trees->scn_bush_nsew(),

	$flowers->scn_flower_1(),
	$flowers->scn_flower_2(),
	$flowers->scn_flower_3(),

	$wood->scn_railing(),
	$wood->scn_planksSide(),
	$wood->scn_planksSide_post(),
	$wood->scn_post(),
	$stone->scn_cairn_l(),
	$stone->scn_cairn_r(),

	$wp->scn_tile_side(),
];

//</editor-fold>

//=========================================<editor-fold desc="Material Assets">
// MATERIAL ASSETS
//=========================================
// Uncomment paths as required
//=========================================

//require "{$rootPath}content/materials/uncommon_metals.mat";

//</editor-fold>

//=========================================<editor-fold desc="Material Array">
// MATERIAL ARRAY
//=========================================
// Add materials that are available in this area. Random items in this area
// will be made of these materials
//=========================================

$this->materials = [

];

$this->materials = array_merge($this->materials, $commonMaterials);

//</editor-fold>

//=========================================<editor-fold desc="Item Assets">
// ITEM ASSETS
//=========================================
// Uncomment paths as required
//=========================================

//require "{$rootPath}content/items/banners.php";
//require "{$rootPath}content/items/grubRegionStuff.php";
//require "{$rootPath}content/items/stuff.php";
//require "{$rootPath}content/items/weapons.php";

//</editor-fold>

//=========================================<editor-fold desc="AsObject Workbench">
// OBJECT WORKBENCH
//=========================================
// This is a good place to initiate the map's items / objects and assign
// them to variables.
// Under some circumstances it might be appropriate to create objects from
// inside the array declaration. If you think that's cool, do it.
// Obviously this isn't feasible for objects with multiple late assignments etc.
//=========================================

// Make some stuff

//</editor-fold>

//=========================================<editor-fold desc="Quest Workbench">
// QUEST WORKBENCH
//=========================================
// This is a good place to build the quest objects that are initiated in
// this map.
// The objects in the map should be already declared above so you have access to
// those but you might have to refer to them again down here to add quest-giving
// behaviours to existing objects or something.
//=========================================

// Set up some quests

//</editor-fold>

//=========================================<editor-fold desc="AsObject Array">
// OBJECT ARRAY
//=========================================
// Add objects to this array.
// AsObject order does not matter.
// The key should be a string in the format "{north offset}:{west offset}"
// (e.g., "23:44").
// If you need to put a few things on the same tile (but in different layers),
// add another colon then any combinatino of characters to make the index
// unique. The layering will sort itself out (e.g., "4:21:asdf" and "4:21:qw").
// Try to avoid creating objects inside the array. Instead, create them on the
// workbench and then clone them into the array.
//=========================================

$this->objects = [
	'211:188' => new obj_portal('Grub Town', null, 36, 96, MAP_GRUBTOWN, DIR_EAST, 7),
	'80:44' => new obj_waypoint(WP_EFFENDON_GROVE, 87, 72, MAP_DS_GRUBREGION, true),
	'92:53' => new obj_checkpoint(),
	'100:48' => new obj_checkpoint(),
];

//</editor-fold>

//=========================================<editor-fold desc="Extra Stuff">
// EXTRA STUFF
//=========================================
// Sometimes it might be appropriate to send a thought update unpon entering the map.
// These other variables are used by various objects and events through the game.
// (e.g., torch objects will only work in maps where $isDark is true.)
// All these values are optional so uncomment and set only as required.
//=========================================

//	update_thoughts('Haven\'t been here before.');

//	$this->viewHeight		= 10;
//  $this->viewWidth		= 10;

	$this->minimapTop = 12;
	$this->minimapLeft = 28;
	$this->minimapRight = 236;
	$this->minimapBottom = 204;

//	$this->overlayColour	= '#000';
//	$this->overlayOpacity	= 0.7;

//	$this->isDark			= true;		// Light objects only affect dark maps

//	$this->isUnderground	= true;
//	$this->isIndoor			= true;

//	$this->localCurrency	= CUR_GOLD;	// NOT YET SUPPORTED
//	$this->territory		= null;		// NOT YET SUPPORTED
//	$this->continent		= null;		// NOT YET SUPPORTED
//	$this->district			= null;		// NOT YET SUPPORTED
//	$this->landOwner		= null;		// NOT YET SUPPORTED
//	$this->landLord			= null;		// NOT YET SUPPORTED
//	$this->landKing			= null;		// NOT YET SUPPORTED
//	$this->landEmperor		= null;		// NOT YET SUPPORTED

//</editor-fold>

// NOTE: To edit the template, alter the build script createMapTemplate.php, not the template file.

